// Jest Snapshot v1, https://goo.gl/fbAQLP

exports[`expression with functions 1`] = `
Object {
  "content": "\${function(a){return a*b*c;}(d)}",
  "externalReferences": Array [
    "b",
    "c",
    "d",
  ],
  "tokens": Array [
    Object {
      "content": "function(a){return a*b*c;}(d)",
      "end": 32,
      "start": 0,
      "token": "\${function(a){return a*b*c;}(d)}",
    },
  ],
}
`;

exports[`multiple value expressions 1`] = `
Object {
  "content": "abc\${def}ghi\${jkl}",
  "externalReferences": Array [
    "def",
    "jkl",
  ],
  "tokens": Array [
    Object {
      "content": "def",
      "end": 9,
      "start": 3,
      "token": "\${def}",
    },
    Object {
      "content": "jkl",
      "end": 18,
      "start": 12,
      "token": "\${jkl}",
    },
  ],
}
`;

exports[`null expression 1`] = `
Object {
  "content": "abc",
  "externalReferences": Array [],
}
`;

exports[`simple value expression 1`] = `
Object {
  "content": "\${abc}",
  "externalReferences": Array [
    "abc",
  ],
  "tokens": Array [
    Object {
      "content": "abc",
      "end": 6,
      "start": 0,
      "token": "\${abc}",
    },
  ],
}
`;
